// Jest Snapshot v1, https://goo.gl/fbAQLP

exports[`generateCrossRefObject should generate a CrossRef object 1`] = `
Object {
  "children": Array [
    Object {
      "name": "xml",
      "type": "instruction",
      "value": "version=\\"1.0\\" encoding=\\"UTF-8\\"",
    },
    Object {
      "attributes": Object {
        "version": "3.0.4",
        "xmlns": "http://www.crossref.org/schema/3.0.4",
        "xmlns:jats": "http://www.ncbi.nlm.nih.gov/JATS1",
        "xmlns:xsi": "http://www.w3.org/2001/XMLSchema-instance",
        "xsi:schemaLocation": "http://www.crossref.org/schema/3.0.4 http://www.crossref.org/schemas/crossref3.0.4.xsd",
      },
      "children": Array [
        Object {
          "attributes": Object {},
          "children": Array [
            Object {
              "attributes": Object {},
              "children": Array [
                Object {
                  "type": "text",
                  "value": "1661695672068",
                },
              ],
              "name": "doi_batch_id",
              "type": "element",
            },
            Object {
              "attributes": Object {},
              "children": Array [
                Object {
                  "type": "text",
                  "value": "1661695672068",
                },
              ],
              "name": "timestamp",
              "type": "element",
            },
            Object {
              "attributes": Object {},
              "children": Array [
                Object {
                  "attributes": Object {},
                  "children": Array [
                    Object {
                      "type": "text",
                      "value": "info@libscie.org",
                    },
                  ],
                  "name": "email_address",
                  "type": "element",
                },
              ],
              "name": "depositor",
              "type": "element",
            },
            Object {
              "type": "text",
              "value": "Liberate Science GmbH",
            },
          ],
          "name": "head",
          "type": "element",
        },
        Object {
          "children": Array [
            Object {
              "attributes": Object {
                "book_type": "other",
              },
              "children": Array [
                Object {
                  "attributes": Object {
                    "language": "en",
                  },
                  "children": Array [
                    Object {
                      "attributes": Object {},
                      "children": Array [
                        Object {
                          "attributes": Object {},
                          "children": Array [
                            Object {
                              "type": "text",
                              "value": "ResearchEquals",
                            },
                          ],
                          "name": "title",
                          "type": "element",
                        },
                      ],
                      "name": "titles",
                      "type": "element",
                    },
                    Object {
                      "attributes": Object {
                        "media_type": "online",
                      },
                      "children": Array [
                        Object {
                          "attributes": Object {},
                          "children": Array [
                            Object {
                              "type": "text",
                              "value": "08",
                            },
                          ],
                          "name": "month",
                          "type": "element",
                        },
                        Object {
                          "attributes": Object {},
                          "children": Array [
                            Object {
                              "type": "text",
                              "value": "28",
                            },
                          ],
                          "name": "day",
                          "type": "element",
                        },
                        Object {
                          "attributes": Object {},
                          "children": Array [
                            Object {
                              "type": "text",
                              "value": "2022",
                            },
                          ],
                          "name": "year",
                          "type": "element",
                        },
                      ],
                      "name": "publication_date",
                      "type": "element",
                    },
                    Object {
                      "attributes": Object {
                        "reason": "simple_series",
                      },
                      "children": Array [],
                      "name": "noisbn",
                      "type": "element",
                    },
                    Object {
                      "attributes": Object {},
                      "children": Array [
                        Object {
                          "attributes": Object {},
                          "children": Array [
                            Object {
                              "attributes": Object {},
                              "children": Array [],
                              "name": "text",
                              "type": "element",
                            },
                          ],
                          "name": "publisher_name",
                          "type": "element",
                        },
                        Object {
                          "attributes": Object {},
                          "children": Array [
                            Object {
                              "attributes": Object {},
                              "children": Array [],
                              "name": "text",
                              "type": "element",
                            },
                          ],
                          "name": "publisher_place",
                          "type": "element",
                        },
                      ],
                      "name": "publisher",
                      "type": "element",
                    },
                    Object {
                      "attributes": Object {
                        "name": "AccessIndicators",
                      },
                      "children": Array [
                        Object {
                          "children": Array [],
                          "name": "free_to_read",
                          "type": "element",
                        },
                        Object {
                          "attributes": Object {
                            "applies_to": "vor",
                          },
                          "children": Array [
                            Object {
                              "type": "text",
                              "value": "https://creativecommons.org/publicdomain/zero/1.0/legalcode",
                            },
                          ],
                          "name": "license_ref",
                          "type": "element",
                        },
                      ],
                      "name": "program",
                      "type": "element",
                    },
                    Object {
                      "attributes": Object {},
                      "children": Array [
                        Object {
                          "attributes": Object {},
                          "children": Array [
                            Object {
                              "type": "text",
                              "value": "10.53962/0000",
                            },
                          ],
                          "name": "doi",
                          "type": "element",
                        },
                        Object {
                          "attributes": Object {},
                          "children": Array [
                            Object {
                              "type": "text",
                              "value": "https://researchequals.com",
                            },
                          ],
                          "name": "resource",
                          "type": "element",
                        },
                      ],
                      "name": "doi_data",
                      "type": "element",
                    },
                  ],
                  "name": "book_metadata",
                  "type": "element",
                },
                Object {
                  "attributes": Object {
                    "component_type": "other",
                    "language": "en",
                  },
                  "children": Array [
                    Object {
                      "attributes": Object {},
                      "children": Array [
                        Object {
                          "attributes": Object {
                            "contributor_role": "author",
                            "sequence": "first",
                          },
                          "children": Array [
                            Object {
                              "attributes": Object {},
                              "children": Array [
                                Object {
                                  "type": "text",
                                  "value": "John",
                                },
                              ],
                              "name": "given_name",
                              "type": "element",
                            },
                            Object {
                              "attributes": Object {},
                              "children": Array [
                                Object {
                                  "type": "text",
                                  "value": "Doe",
                                },
                              ],
                              "name": "surname",
                              "type": "element",
                            },
                            Object {
                              "attributes": Object {
                                "authenticated": "true",
                              },
                              "children": Array [
                                Object {
                                  "type": "text",
                                  "value": "https://orcid.org/0000-0000-0000-0000",
                                },
                              ],
                              "name": "ORCID",
                              "type": "element",
                            },
                          ],
                          "name": "person_name",
                          "type": "element",
                        },
                      ],
                      "name": "contributors",
                      "type": "element",
                    },
                    Object {
                      "attributes": Object {},
                      "children": Array [
                        Object {
                          "attributes": Object {},
                          "children": Array [
                            Object {
                              "type": "text",
                              "value": "A title",
                            },
                          ],
                          "name": "title",
                          "type": "element",
                        },
                      ],
                      "name": "titles",
                      "type": "element",
                    },
                    Object {
                      "children": Array [
                        Object {
                          "children": Array [
                            Object {
                              "type": "text",
                              "value": "An abstract",
                            },
                          ],
                          "name": "jats:p",
                          "type": "element",
                        },
                      ],
                      "name": "jats:abstract",
                      "type": "element",
                    },
                    Object {
                      "attributes": Object {
                        "media_type": "online",
                      },
                      "children": Array [
                        Object {
                          "attributes": Object {},
                          "children": Array [
                            Object {
                              "type": "text",
                              "value": "08",
                            },
                          ],
                          "name": "month",
                          "type": "element",
                        },
                        Object {
                          "attributes": Object {},
                          "children": Array [
                            Object {
                              "type": "text",
                              "value": "28",
                            },
                          ],
                          "name": "day",
                          "type": "element",
                        },
                        Object {
                          "attributes": Object {},
                          "children": Array [
                            Object {
                              "type": "text",
                              "value": "2022",
                            },
                          ],
                          "name": "year",
                          "type": "element",
                        },
                      ],
                      "name": "publication_date",
                      "type": "element",
                    },
                    Object {
                      "attributes": Object {
                        "name": "AccessIndicators",
                      },
                      "children": Array [
                        Object {
                          "children": Array [],
                          "name": "free_to_read",
                          "type": "element",
                        },
                        Object {
                          "attributes": Object {
                            "applies_to": "vor",
                          },
                          "children": Array [
                            Object {
                              "type": "text",
                              "value": "https://creativecommons.org/licenses/by/4.0/",
                            },
                          ],
                          "name": "license_ref",
                          "type": "element",
                        },
                      ],
                      "name": "program",
                      "type": "element",
                    },
                    Object {
                      "attributes": Object {},
                      "children": Array [
                        Object {
                          "attributes": Object {},
                          "children": Array [
                            Object {
                              "type": "text",
                              "value": "10.1234/foo.bar",
                            },
                          ],
                          "name": "doi",
                          "type": "element",
                        },
                        Object {
                          "attributes": Object {},
                          "children": Array [
                            Object {
                              "type": "text",
                              "value": "https://doi.org/10.1234/foo.bar",
                            },
                          ],
                          "name": "resource",
                          "type": "element",
                        },
                      ],
                      "name": "doi_data",
                      "type": "element",
                    },
                    Object {
                      "children": Array [
                        Object {
                          "attributes": Object {
                            "key": "1",
                          },
                          "children": Array [
                            Object {
                              "children": Array [
                                Object {
                                  "type": "text",
                                  "value": "A place",
                                },
                              ],
                              "name": "journal_title",
                              "type": "element",
                            },
                            Object {
                              "children": Array [
                                Object {
                                  "type": "text",
                                  "value": "Jane Doe",
                                },
                              ],
                              "name": "author",
                              "type": "element",
                            },
                            Object {
                              "children": Array [
                                Object {
                                  "type": "text",
                                  "value": "2022",
                                },
                              ],
                              "name": "cYear",
                              "type": "element",
                            },
                            Object {
                              "children": Array [
                                Object {
                                  "type": "text",
                                  "value": "10.1234/bar",
                                },
                              ],
                              "name": "doi",
                              "type": "element",
                            },
                            Object {
                              "children": Array [
                                Object {
                                  "type": "text",
                                  "value": "A title",
                                },
                              ],
                              "name": "article_title",
                              "type": "element",
                            },
                          ],
                          "name": "citation",
                          "type": "element",
                        },
                      ],
                      "name": "citation_list",
                      "type": "element",
                    },
                    Object {
                      "attributes": Object {},
                      "children": Array [],
                      "name": "component_list",
                      "type": "element",
                    },
                  ],
                  "name": "content_item",
                  "type": "element",
                },
              ],
              "name": "book",
              "type": "element",
            },
          ],
          "name": "body",
          "type": "element",
        },
      ],
      "name": "doi_batch",
      "type": "element",
    },
  ],
  "type": "root",
}
`;
